// Jest Snapshot v1, https://goo.gl/fbAQLP

exports[`Header Renders with minimal props 1`] = `
<div
  className="fd-panel fd-has-padding-regular fd-has-padding-bottom-none"
>
  <h1
    className="fd-has-type-3 fd-has-padding-bottom-tiny"
  >
    Logs
  </h1>
  <section
    className="header__settings-group"
  >
    <section
      className="fd-display-l-inline-block"
    >
      <span
        className="caption-muted"
      >
        Labels
      </span>
      <div
        className="fd-combobox-input"
      >
        <div
          className="fd-popover"
        >
          <div
            onFocus={[Function]}
            onMouseDown={[Function]}
            onTouchStart={[Function]}
          >
            <div
              className="fd-popover__control"
            >
              <div
                className="fd-combobox-control"
                onClick={[Function]}
              >
                <div
                  className="fd-input-group fd-input-group--after"
                >
                  <input
                    className="fd-input"
                    placeholder="Select Label"
                    type="text"
                  />
                  <span
                    className="fd-input-group__addon fd-input-group__addon--after fd-input-group__addon--button"
                  >
                    <button
                      className=" fd-button--light sap-icon--navigation-down-arrow"
                    />
                  </span>
                </div>
              </div>
            </div>
          </div>
        </div>
      </div>
    </section>
    <section
      className="fd-has-margin-right-small"
    >
      <span
        className="caption-muted search-input__caption"
      >
        Search
        <div
          className="small-inline-help-wrapper"
        >
          <span
            className="fd-inline-help"
          >
            <span
              className="fd-inline-help__content fd-inline-help__content--right"
            >
              Search for logs by text (optional)
            </span>
          </span>
        </div>
      </span>
      <input
        className=""
        id="search-input"
        min="0"
        onChange={[Function]}
        placeholder="Search"
        type="text"
        value="search phrase"
      />
    </section>
    <span
      className="link-button fd-has-type-minus-1 header__settings-group__toggle"
      data-test-id="advanced-settings-toggle"
      onClick={[Function]}
    >
      Show Advanced Settings
    </span>
  </section>
  <div>
    <section
      className="labels-display"
    >
      <ul>
        <li>
          <span
            className="fd-token caption-muted y-fd-token--no-button"
            role="button"
          >
            a
          </span>
        </li>
        <li>
          <span
            className="fd-token caption-muted y-fd-token--no-button"
            role="button"
          >
            b
          </span>
        </li>
        <li>
          <span
            className="fd-token caption-muted"
            onClick={[Function]}
            role="button"
          >
            a
          </span>
        </li>
        <li>
          <span
            className="fd-token caption-muted"
            onClick={[Function]}
            role="button"
          >
            b
          </span>
        </li>
      </ul>
      <span
        className="link-button fd-has-type-minus-1 fd-has-margin-left-tiny"
        data-test-id="clear-all"
        onClick={[Function]}
      >
        Clear All
      </span>
    </section>
    <div
      className="header__options-wrapper"
    >
      <button
        className="fd-button--light sap-icon--media-play link-button fd-has-margin-right-tiny fd-has-type-minus-1"
        data-test-id="auto-refresh-button"
        onClick={[Function]}
        size="xs"
      >
        auto refresh
      </button>
      <span
        className="link-button fd-has-type-minus-1 select-dropdown"
      >
        <div
          className="fd-popover"
        >
          <div
            onFocus={[Function]}
            onMouseDown={[Function]}
            onTouchStart={[Function]}
          >
            <div
              className="fd-popover__control"
            >
              <button
                className="fd-button--light sap-icon--past fd-has-margin-right-tiny"
                onClick={[Function]}
                size="xs"
              />
            </div>
          </div>
        </div>
      </span>
      <span
        className="link-button fd-has-type-minus-1 select-dropdown"
      >
        <div
          className="fd-popover"
        >
          <div
            onFocus={[Function]}
            onMouseDown={[Function]}
            onTouchStart={[Function]}
          >
            <div
              className="fd-popover__control"
            >
              <button
                className="fd-button--light sap-icon--sort fd-has-margin-right-tiny"
                onClick={[Function]}
                size="xs"
              >
                ascending
              </button>
            </div>
          </div>
        </div>
      </span>
    </div>
  </div>
</div>
`;
